// Jest Snapshot v1, https://goo.gl/fbAQLP

exports[`ColorGenerator matches snapshot 1`] = `
<View
  accessibilityState={
    {
      "busy": undefined,
      "checked": undefined,
      "disabled": undefined,
      "expanded": undefined,
      "selected": undefined,
    }
  }
  accessibilityValue={
    {
      "max": undefined,
      "min": undefined,
      "now": undefined,
      "text": undefined,
    }
  }
  accessible={true}
  collapsable={false}
  focusable={true}
  onClick={[Function]}
  onResponderGrant={[Function]}
  onResponderMove={[Function]}
  onResponderRelease={[Function]}
  onResponderTerminate={[Function]}
  onResponderTerminationRequest={[Function]}
  onStartShouldSetResponder={[Function]}
  style={
    {
      "alignItems": "center",
      "backgroundColor": [MockFunction],
      "flexGrow": 1,
      "justifyContent": "center",
      "opacity": 1,
    }
  }
  testID="ScreenBtn"
>
  <Text
    style={
      {
        "fontSize": 32,
      }
    }
  >
    Hello there
  </Text>
</View>
`;
